// Vitest Snapshot v1

exports[`CheckBoxGroup > should render 1`] = `
"<div class=\\"checkbox-group-wrapper\\">
  <div class=\\"checkbox-wrapper\\">
    <div class=\\"checkbox-inner\\"><input id=\\"checkbox-foo\\" type=\\"checkbox\\" value=\\"foo\\"></div><label for=\\"checkbox-foo\\" class=\\"checkbox-label\\">foo</label>
  </div>
  <div class=\\"checkbox-wrapper\\">
    <div class=\\"checkbox-inner\\"><input id=\\"checkbox-bar\\" type=\\"checkbox\\" value=\\"bar\\"></div><label for=\\"checkbox-bar\\" class=\\"checkbox-label\\">bar</label>
  </div>
</div>"
`;
